"C:\Program Files\Java\jdk1.8.0_77\bin\java" -verbose:gc -XX:+PrintGCDetails -XX:+PrintGCTimeStamps -Didea.launcher.port=7535 "-Didea.launcher.bin.path=C:\Program Files (x86)\JetBrains\IntelliJ IDEA 2016.1.1\bin" -Dfile.encoding=UTF-8 -classpath "C:\Program Files\Java\jdk1.8.0_77\jre\lib\charsets.jar;C:\Program Files\Java\jdk1.8.0_77\jre\lib\deploy.jar;C:\Program Files\Java\jdk1.8.0_77\jre\lib\ext\access-bridge-64.jar;C:\Program Files\Java\jdk1.8.0_77\jre\lib\ext\cldrdata.jar;C:\Program Files\Java\jdk1.8.0_77\jre\lib\ext\dnsns.jar;C:\Program Files\Java\jdk1.8.0_77\jre\lib\ext\jaccess.jar;C:\Program Files\Java\jdk1.8.0_77\jre\lib\ext\jfxrt.jar;C:\Program Files\Java\jdk1.8.0_77\jre\lib\ext\localedata.jar;C:\Program Files\Java\jdk1.8.0_77\jre\lib\ext\nashorn.jar;C:\Program Files\Java\jdk1.8.0_77\jre\lib\ext\sunec.jar;C:\Program Files\Java\jdk1.8.0_77\jre\lib\ext\sunjce_provider.jar;C:\Program Files\Java\jdk1.8.0_77\jre\lib\ext\sunmscapi.jar;C:\Program Files\Java\jdk1.8.0_77\jre\lib\ext\sunpkcs11.jar;C:\Program Files\Java\jdk1.8.0_77\jre\lib\ext\zipfs.jar;C:\Program Files\Java\jdk1.8.0_77\jre\lib\javaws.jar;C:\Program Files\Java\jdk1.8.0_77\jre\lib\jce.jar;C:\Program Files\Java\jdk1.8.0_77\jre\lib\jfr.jar;C:\Program Files\Java\jdk1.8.0_77\jre\lib\jfxswt.jar;C:\Program Files\Java\jdk1.8.0_77\jre\lib\jsse.jar;C:\Program Files\Java\jdk1.8.0_77\jre\lib\management-agent.jar;C:\Program Files\Java\jdk1.8.0_77\jre\lib\plugin.jar;C:\Program Files\Java\jdk1.8.0_77\jre\lib\resources.jar;C:\Program Files\Java\jdk1.8.0_77\jre\lib\rt.jar;D:\homeWork\EPAM-JMP\target\classes;C:\Users\honiedlee\.m2\repository\com\fasterxml\jackson\core\jackson-annotations\2.4.5\jackson-annotations-2.4.5.jar;C:\Users\honiedlee\.m2\repository\com\fasterxml\jackson\core\jackson-databind\2.4.5\jackson-databind-2.4.5.jar;C:\Users\honiedlee\.m2\repository\com\fasterxml\jackson\core\jackson-core\2.4.5\jackson-core-2.4.5.jar;C:\Users\honiedlee\.m2\repository\org\apache\commons\commons-csv\1.2\commons-csv-1.2.jar;C:\Users\honiedlee\.m2\repository\com\google\guava\guava\13.0.1\guava-13.0.1.jar;C:\Program Files (x86)\JetBrains\IntelliJ IDEA 2016.1.1\lib\idea_rt.jar" com.intellij.rt.execution.application.AppMain com.epam.memory.InternedStringsDemo
0.347: [GC (Allocation Failure) [PSYoungGen: 16384K->2536K(18944K)] 16384K->3120K(62976K), 0.0104444 secs] [Times: user=0.02 sys=0.00, real=0.01 secs] 
0.393: [GC (Allocation Failure) [PSYoungGen: 18920K->2552K(35328K)] 19504K->6192K(79360K), 0.0179788 secs] [Times: user=0.03 sys=0.00, real=0.02 secs] 
0.479: [GC (Allocation Failure) [PSYoungGen: 35320K->2552K(35328K)] 38960K->12784K(79360K), 0.0329958 secs] [Times: user=0.06 sys=0.00, real=0.03 secs] 
0.620: [GC (Allocation Failure) [PSYoungGen: 35320K->2552K(68096K)] 45552K->19384K(112128K), 0.0438507 secs] [Times: user=0.08 sys=0.01, real=0.04 secs] 
0.840: [GC (Allocation Failure) [PSYoungGen: 68088K->2536K(68096K)] 84920K->32552K(112128K), 0.0614764 secs] [Times: user=0.16 sys=0.02, real=0.06 secs] 
0.902: [Full GC (Ergonomics) [PSYoungGen: 2536K->0K(68096K)] [ParOldGen: 30016K->32341K(75776K)] 32552K->32341K(143872K), [Metaspace: 3199K->3199K(1056768K)], 1.7762409 secs] [Times: user=3.53 sys=0.06, real=1.78 secs] 
2.772: [GC (Allocation Failure) [PSYoungGen: 65536K->12928K(93696K)] 97877K->45269K(169472K), 0.0396736 secs] [Times: user=0.17 sys=0.02, real=0.04 secs] 
2.920: [GC (Allocation Failure) [PSYoungGen: 93312K->18432K(121344K)] 125653K->61341K(197120K), 0.0892294 secs] [Times: user=0.27 sys=0.03, real=0.09 secs] 
3.149: [GC (Allocation Failure) [PSYoungGen: 121344K->13824K(120320K)] 164253K->82029K(196096K), 0.0960690 secs] [Times: user=0.33 sys=0.03, real=0.10 secs] 
3.245: [Full GC (Ergonomics) [PSYoungGen: 13824K->6138K(120320K)] [ParOldGen: 68205K->75707K(147456K)] 82029K->81845K(267776K), [Metaspace: 3199K->3199K(1056768K)], 1.6286244 secs] [Times: user=5.48 sys=0.03, real=1.63 secs] 
5.033: [GC (Allocation Failure) [PSYoungGen: 112634K->27520K(143360K)] 188341K->103227K(290816K), 0.0982671 secs] [Times: user=0.27 sys=0.01, real=0.10 secs] 
5.268: [GC (Allocation Failure) [PSYoungGen: 134016K->39424K(152576K)] 209723K->124531K(300032K), 0.1358132 secs] [Times: user=0.44 sys=0.03, real=0.14 secs] 
5.547: [GC (Allocation Failure) [PSYoungGen: 152576K->49152K(162304K)] 237683K->147235K(309760K), 0.1349692 secs] [Times: user=0.36 sys=0.02, real=0.13 secs] 
5.839: [GC (Allocation Failure) [PSYoungGen: 162304K->61952K(184832K)] 260387K->169931K(332288K), 0.1396571 secs] [Times: user=0.45 sys=0.05, real=0.14 secs] 
6.135: [GC (Allocation Failure) [PSYoungGen: 184832K->53344K(198656K)] 292811K->194715K(346112K), 0.1493414 secs] [Times: user=0.53 sys=0.00, real=0.15 secs] 
6.285: [Full GC (Ergonomics) [PSYoungGen: 53344K->47088K(198656K)] [ParOldGen: 141371K->147190K(246784K)] 194715K->194278K(445440K), [Metaspace: 3199K->3199K(1056768K)], 3.0951700 secs] [Times: user=11.00 sys=0.02, real=3.10 secs] 
9.548: [GC (Allocation Failure) [PSYoungGen: 169968K->71808K(223232K)] 317158K->218998K(470016K), 0.1811146 secs] [Times: user=0.50 sys=0.01, real=0.18 secs] 
9.916: [GC (Allocation Failure) [PSYoungGen: 214656K->90624K(233472K)] 361846K->247566K(480256K), 0.1578551 secs] [Times: user=0.56 sys=0.00, real=0.16 secs] 
10.257: [GC (Allocation Failure) [PSYoungGen: 233472K->96896K(220160K)] 390414K->276334K(466944K), 0.1933189 secs] [Times: user=0.58 sys=0.02, real=0.19 secs] 
10.602: [GC (Allocation Failure) [PSYoungGen: 210560K->72544K(226816K)] 389998K->299214K(473600K), 0.3042629 secs] [Times: user=0.89 sys=0.06, real=0.30 secs] 
10.907: [Full GC (Ergonomics) [PSYoungGen: 72544K->51949K(226816K)] [ParOldGen: 226670K->246776K(388096K)] 299214K->298726K(614912K), [Metaspace: 3199K->3199K(1056768K)], 3.7549959 secs] [Times: user=12.88 sys=0.06, real=3.76 secs] 
14.852: [GC (Allocation Failure) [PSYoungGen: 165613K->41024K(226816K)] 412390K->321744K(614912K), 0.2559224 secs] [Times: user=0.88 sys=0.02, real=0.26 secs] 
15.273: [GC (Allocation Failure) [PSYoungGen: 154688K->22816K(226816K)] 435408K->344608K(614912K), 0.1503707 secs] [Times: user=0.59 sys=0.02, real=0.15 secs] 
15.581: [GC (Allocation Failure) [PSYoungGen: 136480K->22848K(226816K)] 458272K->367480K(614912K), 0.1716489 secs] [Times: user=0.41 sys=0.06, real=0.17 secs] 
15.753: [Full GC (Ergonomics) [PSYoungGen: 22848K->0K(226816K)] [ParOldGen: 344632K->366923K(546816K)] 367480K->366923K(773632K), [Metaspace: 3199K->3199K(1056768K)], 4.5935602 secs] [Times: user=14.56 sys=0.06, real=4.59 secs] 
20.501: [GC (Allocation Failure) [PSYoungGen: 113664K->22784K(136704K)] 480587K->389707K(683520K), 0.0695674 secs] [Times: user=0.23 sys=0.00, real=0.07 secs] 
20.723: [GC (Allocation Failure) [PSYoungGen: 136448K->45568K(229376K)] 503371K->412491K(776192K), 0.1406647 secs] [Times: user=0.41 sys=0.00, real=0.14 secs] 
21.024: [GC (Allocation Failure) [PSYoungGen: 164864K->69472K(223744K)] 531787K->436395K(770560K), 0.1991689 secs] [Times: user=0.69 sys=0.00, real=0.20 secs] 
21.388: [GC (Allocation Failure) [PSYoungGen: 188768K->93344K(222208K)] 555691K->460267K(769024K), 0.2638673 secs] [Times: user=0.94 sys=0.00, real=0.26 secs] 
21.851: [GC (Allocation Failure) [PSYoungGen: 207008K->93344K(226816K)] 573931K->483107K(773632K), 0.3647335 secs] [Times: user=1.05 sys=0.00, real=0.37 secs] 
22.365: [GC (Allocation Failure) [PSYoungGen: 207008K->69440K(226816K)] 596771K->505995K(773632K), 0.3356685 secs] [Times: user=1.14 sys=0.02, real=0.34 secs] 
22.947: [GC (Allocation Failure) [PSYoungGen: 183104K->45568K(226816K)] 619659K->528915K(773632K), 0.2822531 secs] [Times: user=0.84 sys=0.03, real=0.28 secs] 
23.382: [GC (Allocation Failure) [PSYoungGen: 159232K->22848K(226816K)] 642579K->551859K(773632K), 0.2039902 secs] [Times: user=0.69 sys=0.02, real=0.20 secs] 
23.586: [Full GC (Ergonomics) [PSYoungGen: 22848K->4318K(226816K)] [ParOldGen: 529011K->546718K(679936K)] 551859K->551037K(906752K), [Metaspace: 3199K->3199K(1056768K)], 7.5551871 secs] [Times: user=25.44 sys=0.11, real=7.56 secs] 
31.297: [GC (Allocation Failure) [PSYoungGen: 117982K->22784K(226816K)] 664701K->573854K(906752K), 0.2609526 secs] [Times: user=0.95 sys=0.00, real=0.26 secs] 
31.705: [GC (Allocation Failure) [PSYoungGen: 136448K->22784K(226816K)] 687518K->596694K(906752K), 0.1376376 secs] [Times: user=0.42 sys=0.00, real=0.14 secs] 
31.993: [GC (Allocation Failure) [PSYoungGen: 136448K->22816K(226816K)] 710358K->619558K(906752K), 0.1358210 secs] [Times: user=0.53 sys=0.00, real=0.14 secs] 
32.274: [GC (Allocation Failure) [PSYoungGen: 136480K->45600K(213504K)] 733222K->642342K(893440K), 0.1334339 secs] [Times: user=0.55 sys=0.00, real=0.13 secs] 
32.555: [GC (Allocation Failure) [PSYoungGen: 159264K->68320K(220160K)] 756006K->665062K(900096K), 0.1977804 secs] [Times: user=0.63 sys=0.00, real=0.20 secs] 
32.915: [GC (Allocation Failure) [PSYoungGen: 181984K->91104K(223232K)] 778726K->687846K(903168K), 0.2853532 secs] [Times: user=0.98 sys=0.00, real=0.28 secs] 
33.347: [GC (Allocation Failure) [PSYoungGen: 204768K->68352K(226816K)] 801510K->710750K(906752K), 0.3238090 secs] [Times: user=1.16 sys=0.02, real=0.32 secs] 
33.671: [Full GC (Ergonomics) 
Process finished with exit code -1
