Java HotSpot(TM) Client VM (25.51-b03) for windows-x86 JRE (1.8.0_51-b16), built on Jun  8 2015 18:00:23 by "java_re" with MS VC++ 10.0 (VS2010)
Memory: 4k page, physical 8271460k(4177156k free), swap 10237540k(4761452k free)
CommandLine flags: -XX:ErrorFile=C:\Users\Bill\java_error_in_IDEA_%p.log -XX:InitialHeapSize=16777216 -XX:MaxHeapSize=1073741824 -XX:+PrintGC -XX:+PrintGCTimeStamps -XX:-UseLargePagesIndividualAllocation 
0.322: [GC (Allocation Failure)  4416K->1040K(15872K), 0.0043299 secs]
0.398: [GC (Allocation Failure)  5456K->3128K(15872K), 0.0035010 secs]
0.480: [GC (Allocation Failure)  7544K->4146K(15872K), 0.0033180 secs]
0.508: [GC (Allocation Failure)  8562K->4319K(15872K), 0.0028429 secs]
0.515: [GC (Allocation Failure)  8726K->4362K(15872K), 0.0014477 secs]
0.546: [GC (Allocation Failure)  8778K->5109K(15872K), 0.0023394 secs]
0.571: [GC (Allocation Failure)  9525K->5040K(15872K), 0.0018788 secs]
0.619: [GC (Allocation Failure)  9456K->6239K(15872K), 0.0045714 secs]
0.639: [GC (Allocation Failure)  10655K->9123K(15872K), 0.0026407 secs]
0.653: [GC (Allocation Failure)  13539K->12218K(16640K), 0.0025906 secs]
0.656: [Full GC (Allocation Failure)  12218K->12218K(16640K), 0.0091288 secs]
0.694: [GC (Allocation Failure)  19579K->16967K(28348K), 0.0058126 secs]
0.722: [GC (Allocation Failure)  24834K->22086K(30052K), 0.0046649 secs]
0.727: [Full GC (Allocation Failure)  22086K->22086K(30052K), 0.0112068 secs]
0.778: [GC (Allocation Failure)  35490K->30043K(51368K), 0.0098116 secs]
0.830: [GC (Allocation Failure)  44315K->34207K(51368K), 0.0127499 secs]
0.882: [GC (Allocation Failure)  48479K->38497K(52776K), 0.0119572 secs]
0.894: [Full GC (Allocation Failure)  38497K->38497K(52776K), 0.0277656 secs]
1.057: [GC (Allocation Failure)  61409K->43770K(88932K), 0.0232897 secs]
1.567: [GC (Allocation Failure)  68410K->49161K(88932K), 0.0228224 secs]
1.774: [GC (Allocation Failure)  73801K->54209K(88932K), 0.0144856 secs]
2.660: [Full GC (Metadata GC Threshold)  69102K->42564K(88932K), 0.0449064 secs]
3.355: [GC (Allocation Failure)  71044K->47328K(102944K), 0.0108748 secs]
3.904: [GC (Allocation Failure)  75808K->52938K(102944K), 0.0210788 secs]
4.027: [GC (Allocation Failure)  81418K->56317K(102944K), 0.0125392 secs]
4.355: [GC (Allocation Failure)  84797K->57277K(102944K), 0.0092810 secs]
4.707: [GC (Allocation Failure)  85757K->60982K(102944K), 0.0120037 secs]
5.090: [Full GC (Metadata GC Threshold)  75873K->58456K(102944K), 0.0899523 secs]
6.323: [GC (Allocation Failure)  97496K->67513K(141332K), 0.0300465 secs]
7.357: [GC (Allocation Failure)  102999K->78400K(141332K), 0.0350410 secs]
7.672: [Full GC (Metadata GC Threshold)  87567K->65335K(141332K), 0.1162865 secs]
9.394: [GC (Allocation Failure)  108983K->70979K(157984K), 0.0274511 secs]
10.300: [GC (Allocation Failure)  114627K->74486K(157984K), 0.0302167 secs]
10.983: [GC (Allocation Failure)  118134K->76286K(157984K), 0.0271287 secs]
11.780: [GC (Allocation Failure)  119934K->79470K(157984K), 0.0233156 secs]
13.111: [GC (Allocation Failure)  123118K->81341K(157984K), 0.0249988 secs]
13.268: [Full GC (Metadata GC Threshold)  85218K->66155K(157984K), 0.2353434 secs]
14.551: [GC (Allocation Failure)  110379K->69711K(159988K), 0.0204552 secs]
15.486: [GC (Allocation Failure)  113935K->71958K(159988K), 0.0192550 secs]
16.629: [GC (Allocation Failure)  116182K->75935K(159988K), 0.0278797 secs]
17.686: [GC (Allocation Failure)  120159K->83147K(159988K), 0.0294754 secs]
18.268: [GC (Allocation Failure)  127371K->94111K(159988K), 0.0380868 secs]
18.725: [GC (Allocation Failure)  138335K->105327K(159988K), 0.0443552 secs]
23.391: [GC (Allocation Failure)  149551K->113632K(159988K), 0.0503248 secs]
57.356: [GC (Allocation Failure)  157856K->118215K(163324K), 0.0372537 secs]
57.394: [Full GC (Allocation Failure)  118215K->78406K(163324K), 0.2369982 secs]
92.345: [GC (Allocation Failure)  130821K->81545K(189624K), 0.0168981 secs]
117.588: [GC (Allocation Failure)  133961K->82092K(189624K), 0.0214815 secs]
139.777: [GC (Allocation Failure)  134508K->82945K(189624K), 0.0225465 secs]
219.740: [GC (Allocation Failure)  135361K->82582K(189624K), 0.0140721 secs]
